[     787ms] [INFO] %cDownload the React DevTools for a better development experience: https://react.dev/link/react-devtools font-weight:bold @ http://localhost:4321/node_modules/.vite/deps/client--C8cioMw.js?v=af937c87:14391
[    1423ms] [WARNING] Flowbite: Instance with ID popup-modal does not exist. @ http://localhost:4321/node_modules/.vite/deps/flowbite.js?v=af937c87:94
[    1423ms] [ERROR] Modal with id popup-modal has not been initialized. Please initialize it using the data-modal-target attribute. @ http://localhost:4321/node_modules/.vite/deps/flowbite.js?v=af937c87:2436
[    1423ms] [WARNING] Flowbite: Instance with ID sidebar does not exist. @ http://localhost:4321/node_modules/.vite/deps/flowbite.js?v=af937c87:94
[    1423ms] [ERROR] Drawer with id sidebar has not been initialized. Please initialize it using the data-drawer-target attribute. @ http://localhost:4321/node_modules/.vite/deps/flowbite.js?v=af937c87:2704
[    1440ms] [WARNING] Flowbite: Instance with ID popup-modal does not exist. @ http://localhost:4321/node_modules/.vite/deps/flowbite.js?v=af937c87:94
[    1440ms] [ERROR] Modal with id popup-modal has not been initialized. Please initialize it using the data-modal-target attribute. @ http://localhost:4321/node_modules/.vite/deps/flowbite.js?v=af937c87:2436
[    1440ms] [WARNING] Flowbite: Instance with ID sidebar does not exist. @ http://localhost:4321/node_modules/.vite/deps/flowbite.js?v=af937c87:94
[    1440ms] [ERROR] Drawer with id sidebar has not been initialized. Please initialize it using the data-drawer-target attribute. @ http://localhost:4321/node_modules/.vite/deps/flowbite.js?v=af937c87:2704
[ 2147293ms] [INFO] %cDownload the React DevTools for a better development experience: https://react.dev/link/react-devtools font-weight:bold @ http://localhost:4321/node_modules/.vite/deps/client--C8cioMw.js?v=af937c87:14391
[ 2147794ms] [WARNING] Flowbite: Instance with ID popup-modal does not exist. @ http://localhost:4321/node_modules/.vite/deps/flowbite.js?v=af937c87:94
[ 2147794ms] [ERROR] Modal with id popup-modal has not been initialized. Please initialize it using the data-modal-target attribute. @ http://localhost:4321/node_modules/.vite/deps/flowbite.js?v=af937c87:2436
[ 2147794ms] [WARNING] Flowbite: Instance with ID sidebar does not exist. @ http://localhost:4321/node_modules/.vite/deps/flowbite.js?v=af937c87:94
[ 2147795ms] [ERROR] Drawer with id sidebar has not been initialized. Please initialize it using the data-drawer-target attribute. @ http://localhost:4321/node_modules/.vite/deps/flowbite.js?v=af937c87:2704
[ 2147808ms] [WARNING] Flowbite: Instance with ID popup-modal does not exist. @ http://localhost:4321/node_modules/.vite/deps/flowbite.js?v=af937c87:94
[ 2147808ms] [ERROR] Modal with id popup-modal has not been initialized. Please initialize it using the data-modal-target attribute. @ http://localhost:4321/node_modules/.vite/deps/flowbite.js?v=af937c87:2436
[ 2147808ms] [WARNING] Flowbite: Instance with ID sidebar does not exist. @ http://localhost:4321/node_modules/.vite/deps/flowbite.js?v=af937c87:94
[ 2147808ms] [ERROR] Drawer with id sidebar has not been initialized. Please initialize it using the data-drawer-target attribute. @ http://localhost:4321/node_modules/.vite/deps/flowbite.js?v=af937c87:2704
[ 2161543ms] [INFO] %cDownload the React DevTools for a better development experience: https://react.dev/link/react-devtools font-weight:bold @ http://localhost:4321/node_modules/.vite/deps/client--C8cioMw.js?v=af937c87:14391
[ 2162007ms] [WARNING] Flowbite: Instance with ID popup-modal does not exist. @ http://localhost:4321/node_modules/.vite/deps/flowbite.js?v=af937c87:94
[ 2162007ms] [ERROR] Modal with id popup-modal has not been initialized. Please initialize it using the data-modal-target attribute. @ http://localhost:4321/node_modules/.vite/deps/flowbite.js?v=af937c87:2436
[ 2162007ms] [WARNING] Flowbite: Instance with ID sidebar does not exist. @ http://localhost:4321/node_modules/.vite/deps/flowbite.js?v=af937c87:94
[ 2162007ms] [ERROR] Drawer with id sidebar has not been initialized. Please initialize it using the data-drawer-target attribute. @ http://localhost:4321/node_modules/.vite/deps/flowbite.js?v=af937c87:2704
[ 2162023ms] [WARNING] Flowbite: Instance with ID popup-modal does not exist. @ http://localhost:4321/node_modules/.vite/deps/flowbite.js?v=af937c87:94
[ 2162023ms] [ERROR] Modal with id popup-modal has not been initialized. Please initialize it using the data-modal-target attribute. @ http://localhost:4321/node_modules/.vite/deps/flowbite.js?v=af937c87:2436
[ 2162024ms] [WARNING] Flowbite: Instance with ID sidebar does not exist. @ http://localhost:4321/node_modules/.vite/deps/flowbite.js?v=af937c87:94
[ 2162024ms] [ERROR] Drawer with id sidebar has not been initialized. Please initialize it using the data-drawer-target attribute. @ http://localhost:4321/node_modules/.vite/deps/flowbite.js?v=af937c87:2704
[ 2166348ms] [INFO] %cDownload the React DevTools for a better development experience: https://react.dev/link/react-devtools font-weight:bold @ http://localhost:4321/node_modules/.vite/deps/client--C8cioMw.js?v=af937c87:14391
[ 2166702ms] [WARNING] Flowbite: Instance with ID popup-modal does not exist. @ http://localhost:4321/node_modules/.vite/deps/flowbite.js?v=af937c87:94
[ 2166702ms] [ERROR] Modal with id popup-modal has not been initialized. Please initialize it using the data-modal-target attribute. @ http://localhost:4321/node_modules/.vite/deps/flowbite.js?v=af937c87:2436
[ 2166702ms] [WARNING] Flowbite: Instance with ID sidebar does not exist. @ http://localhost:4321/node_modules/.vite/deps/flowbite.js?v=af937c87:94
[ 2166702ms] [ERROR] Drawer with id sidebar has not been initialized. Please initialize it using the data-drawer-target attribute. @ http://localhost:4321/node_modules/.vite/deps/flowbite.js?v=af937c87:2704
[ 2166710ms] [WARNING] Flowbite: Instance with ID popup-modal does not exist. @ http://localhost:4321/node_modules/.vite/deps/flowbite.js?v=af937c87:94
[ 2166710ms] [ERROR] Modal with id popup-modal has not been initialized. Please initialize it using the data-modal-target attribute. @ http://localhost:4321/node_modules/.vite/deps/flowbite.js?v=af937c87:2436
[ 2166710ms] [WARNING] Flowbite: Instance with ID sidebar does not exist. @ http://localhost:4321/node_modules/.vite/deps/flowbite.js?v=af937c87:94
[ 2166710ms] [ERROR] Drawer with id sidebar has not been initialized. Please initialize it using the data-drawer-target attribute. @ http://localhost:4321/node_modules/.vite/deps/flowbite.js?v=af937c87:2704
