[     436ms] [INFO] %cDownload the React DevTools for a better development experience: https://react.dev/link/react-devtools font-weight:bold @ http://localhost:4321/node_modules/.vite/deps/client--C8cioMw.js?v=5098c12e:14391
[    1484ms] [ERROR] Provider's accounts list is empty. @ http://localhost:4321/sign-in:0
[   16080ms] [ERROR] [GSI_LOGGER]: FedCM get() rejects with NetworkError: Error retrieving a token. @ https://accounts.google.com/gsi/client:87
[  841721ms] [WARNING] Flowbite: Instance with ID sidebar does not exist. @ http://localhost:4321/node_modules/.vite/deps/flowbite.js?v=5098c12e:94
[  841721ms] [ERROR] Drawer with id sidebar has not been initialized. Please initialize it using the data-drawer-target attribute. @ http://localhost:4321/node_modules/.vite/deps/flowbite.js?v=5098c12e:2704
[  841725ms] [WARNING] Flowbite: Instance with ID sidebar does not exist. @ http://localhost:4321/node_modules/.vite/deps/flowbite.js?v=5098c12e:94
[  841725ms] [ERROR] Drawer with id sidebar has not been initialized. Please initialize it using the data-drawer-target attribute. @ http://localhost:4321/node_modules/.vite/deps/flowbite.js?v=5098c12e:2704
[  986088ms] [ERROR] Connecting to 'https://astro.build/api/v1/dev-overlay/' violates the following Content Security Policy directive: "connect-src 'self' https://ceuofnjslxjoqtqxbfqt.supabase.co wss://ceuofnjslxjoqtqxbfqt.supabase.co https://unpkg.com https://esm.sh https://api.stripe.com https://accounts.google.com https://zcal.co https://static.zcal.co https://api.iconify.design https://api.unisvg.com https://api.simplesvg.com". The action has been blocked. @ http://localhost:4321/node_modules/.vite/deps/astro-C3dVLYN0.js?v=5098c12e:80
[  986088ms] [ERROR] Fetch API cannot load https://astro.build/api/v1/dev-overlay/. Refused to connect because it violates the document's Content Security Policy. @ http://localhost:4321/node_modules/.vite/deps/astro-C3dVLYN0.js?v=5098c12e:80
[  986115ms] TypeError: Failed to fetch
    at fetchIntegrationData (http://localhost:4321/node_modules/.vite/deps/astro-C3dVLYN0.js?v=5098c12e:81:4)
    at ToolbarAppEventTarget.<anonymous> (http://localhost:4321/node_modules/.vite/deps/astro-C3dVLYN0.js?v=5098c12e:75:27)
    at AstroDevToolbar.setAppStatus (http://localhost:4321/node_modules/.vite/deps/toolbar-BJ5M0JdJ.js?v=5098c12e:382:19)
    at AstroDevToolbar.toggleAppStatus (http://localhost:4321/node_modules/.vite/deps/toolbar-BJ5M0JdJ.js?v=5098c12e:360:15)
    at HTMLButtonElement.<anonymous> (http://localhost:4321/node_modules/.vite/deps/toolbar-BJ5M0JdJ.js?v=5098c12e:291:16)
[ 1432900ms] [INFO] %cDownload the React DevTools for a better development experience: https://react.dev/link/react-devtools font-weight:bold @ http://localhost:4321/node_modules/.vite/deps/client--C8cioMw.js?v=5098c12e:14391
[ 1435028ms] [WARNING] Flowbite: Instance with ID sidebar does not exist. @ http://localhost:4321/node_modules/.vite/deps/flowbite.js?v=5098c12e:94
[ 1435028ms] [ERROR] Drawer with id sidebar has not been initialized. Please initialize it using the data-drawer-target attribute. @ http://localhost:4321/node_modules/.vite/deps/flowbite.js?v=5098c12e:2704
[ 1435054ms] [WARNING] Flowbite: Instance with ID sidebar does not exist. @ http://localhost:4321/node_modules/.vite/deps/flowbite.js?v=5098c12e:94
[ 1435054ms] [ERROR] Drawer with id sidebar has not been initialized. Please initialize it using the data-drawer-target attribute. @ http://localhost:4321/node_modules/.vite/deps/flowbite.js?v=5098c12e:2704
[ 1460637ms] [INFO] %cDownload the React DevTools for a better development experience: https://react.dev/link/react-devtools font-weight:bold @ http://localhost:4321/node_modules/.vite/deps/client--C8cioMw.js?v=5098c12e:14391
[ 1461155ms] [WARNING] Flowbite: Instance with ID sidebar does not exist. @ http://localhost:4321/node_modules/.vite/deps/flowbite.js?v=5098c12e:94
[ 1461155ms] [ERROR] Drawer with id sidebar has not been initialized. Please initialize it using the data-drawer-target attribute. @ http://localhost:4321/node_modules/.vite/deps/flowbite.js?v=5098c12e:2704
[ 1461168ms] [WARNING] Flowbite: Instance with ID sidebar does not exist. @ http://localhost:4321/node_modules/.vite/deps/flowbite.js?v=5098c12e:94
[ 1461168ms] [ERROR] Drawer with id sidebar has not been initialized. Please initialize it using the data-drawer-target attribute. @ http://localhost:4321/node_modules/.vite/deps/flowbite.js?v=5098c12e:2704
[ 1507993ms] [INFO] %cDownload the React DevTools for a better development experience: https://react.dev/link/react-devtools font-weight:bold @ http://localhost:4321/node_modules/.vite/deps/client--C8cioMw.js?v=5098c12e:14391
[ 1508785ms] [WARNING] Flowbite: Instance with ID sidebar does not exist. @ http://localhost:4321/node_modules/.vite/deps/flowbite.js?v=5098c12e:94
[ 1508786ms] [ERROR] Drawer with id sidebar has not been initialized. Please initialize it using the data-drawer-target attribute. @ http://localhost:4321/node_modules/.vite/deps/flowbite.js?v=5098c12e:2704
[ 1508793ms] [WARNING] Flowbite: Instance with ID sidebar does not exist. @ http://localhost:4321/node_modules/.vite/deps/flowbite.js?v=5098c12e:94
[ 1508793ms] [ERROR] Drawer with id sidebar has not been initialized. Please initialize it using the data-drawer-target attribute. @ http://localhost:4321/node_modules/.vite/deps/flowbite.js?v=5098c12e:2704
[ 1518605ms] [INFO] %cDownload the React DevTools for a better development experience: https://react.dev/link/react-devtools font-weight:bold @ http://localhost:4321/node_modules/.vite/deps/client--C8cioMw.js?v=5098c12e:14391
[ 1519934ms] [WARNING] Flowbite: Instance with ID sidebar does not exist. @ http://localhost:4321/node_modules/.vite/deps/flowbite.js?v=5098c12e:94
[ 1519934ms] [ERROR] Drawer with id sidebar has not been initialized. Please initialize it using the data-drawer-target attribute. @ http://localhost:4321/node_modules/.vite/deps/flowbite.js?v=5098c12e:2704
[ 1519946ms] [WARNING] Flowbite: Instance with ID sidebar does not exist. @ http://localhost:4321/node_modules/.vite/deps/flowbite.js?v=5098c12e:94
[ 1519946ms] [ERROR] Drawer with id sidebar has not been initialized. Please initialize it using the data-drawer-target attribute. @ http://localhost:4321/node_modules/.vite/deps/flowbite.js?v=5098c12e:2704
[ 1547953ms] [INFO] %cDownload the React DevTools for a better development experience: https://react.dev/link/react-devtools font-weight:bold @ http://localhost:4321/node_modules/.vite/deps/client--C8cioMw.js?v=5098c12e:14391
[ 1548576ms] [WARNING] Flowbite: Instance with ID sidebar does not exist. @ http://localhost:4321/node_modules/.vite/deps/flowbite.js?v=5098c12e:94
[ 1548576ms] [ERROR] Drawer with id sidebar has not been initialized. Please initialize it using the data-drawer-target attribute. @ http://localhost:4321/node_modules/.vite/deps/flowbite.js?v=5098c12e:2704
[ 1548584ms] [WARNING] Flowbite: Instance with ID sidebar does not exist. @ http://localhost:4321/node_modules/.vite/deps/flowbite.js?v=5098c12e:94
[ 1548584ms] [ERROR] Drawer with id sidebar has not been initialized. Please initialize it using the data-drawer-target attribute. @ http://localhost:4321/node_modules/.vite/deps/flowbite.js?v=5098c12e:2704
[ 3173483ms] [INFO] %cDownload the React DevTools for a better development experience: https://react.dev/link/react-devtools font-weight:bold @ http://localhost:4321/node_modules/.vite/deps/client--C8cioMw.js?v=5098c12e:14391
[ 3174444ms] [WARNING] Flowbite: Instance with ID sidebar does not exist. @ http://localhost:4321/node_modules/.vite/deps/flowbite.js?v=5098c12e:94
[ 3174444ms] [ERROR] Drawer with id sidebar has not been initialized. Please initialize it using the data-drawer-target attribute. @ http://localhost:4321/node_modules/.vite/deps/flowbite.js?v=5098c12e:2704
[ 3174454ms] [WARNING] Flowbite: Instance with ID sidebar does not exist. @ http://localhost:4321/node_modules/.vite/deps/flowbite.js?v=5098c12e:94
[ 3174454ms] [ERROR] Drawer with id sidebar has not been initialized. Please initialize it using the data-drawer-target attribute. @ http://localhost:4321/node_modules/.vite/deps/flowbite.js?v=5098c12e:2704
[ 3181777ms] [INFO] %cDownload the React DevTools for a better development experience: https://react.dev/link/react-devtools font-weight:bold @ http://localhost:4321/node_modules/.vite/deps/client--C8cioMw.js?v=5098c12e:14391
[ 3183040ms] [WARNING] Flowbite: Instance with ID sidebar does not exist. @ http://localhost:4321/node_modules/.vite/deps/flowbite.js?v=5098c12e:94
[ 3183040ms] [ERROR] Drawer with id sidebar has not been initialized. Please initialize it using the data-drawer-target attribute. @ http://localhost:4321/node_modules/.vite/deps/flowbite.js?v=5098c12e:2704
[ 3183050ms] [WARNING] Flowbite: Instance with ID sidebar does not exist. @ http://localhost:4321/node_modules/.vite/deps/flowbite.js?v=5098c12e:94
[ 3183051ms] [ERROR] Drawer with id sidebar has not been initialized. Please initialize it using the data-drawer-target attribute. @ http://localhost:4321/node_modules/.vite/deps/flowbite.js?v=5098c12e:2704
[ 3192421ms] [INFO] %cDownload the React DevTools for a better development experience: https://react.dev/link/react-devtools font-weight:bold @ http://localhost:4321/node_modules/.vite/deps/client--C8cioMw.js?v=5098c12e:14391
[ 3193783ms] [WARNING] Flowbite: Instance with ID sidebar does not exist. @ http://localhost:4321/node_modules/.vite/deps/flowbite.js?v=5098c12e:94
[ 3193784ms] [ERROR] Drawer with id sidebar has not been initialized. Please initialize it using the data-drawer-target attribute. @ http://localhost:4321/node_modules/.vite/deps/flowbite.js?v=5098c12e:2704
[ 3193794ms] [WARNING] Flowbite: Instance with ID sidebar does not exist. @ http://localhost:4321/node_modules/.vite/deps/flowbite.js?v=5098c12e:94
[ 3193794ms] [ERROR] Drawer with id sidebar has not been initialized. Please initialize it using the data-drawer-target attribute. @ http://localhost:4321/node_modules/.vite/deps/flowbite.js?v=5098c12e:2704
[ 3197347ms] [INFO] %cDownload the React DevTools for a better development experience: https://react.dev/link/react-devtools font-weight:bold @ http://localhost:4321/node_modules/.vite/deps/client--C8cioMw.js?v=5098c12e:14391
[ 3197996ms] [WARNING] Flowbite: Instance with ID sidebar does not exist. @ http://localhost:4321/node_modules/.vite/deps/flowbite.js?v=5098c12e:94
[ 3197996ms] [ERROR] Drawer with id sidebar has not been initialized. Please initialize it using the data-drawer-target attribute. @ http://localhost:4321/node_modules/.vite/deps/flowbite.js?v=5098c12e:2704
[ 3198003ms] [WARNING] Flowbite: Instance with ID sidebar does not exist. @ http://localhost:4321/node_modules/.vite/deps/flowbite.js?v=5098c12e:94
[ 3198003ms] [ERROR] Drawer with id sidebar has not been initialized. Please initialize it using the data-drawer-target attribute. @ http://localhost:4321/node_modules/.vite/deps/flowbite.js?v=5098c12e:2704
[ 4808617ms] [INFO] %cDownload the React DevTools for a better development experience: https://react.dev/link/react-devtools font-weight:bold @ http://localhost:4321/node_modules/.vite/deps/client--C8cioMw.js?v=5098c12e:14391
[ 4809152ms] [WARNING] Flowbite: Instance with ID sidebar does not exist. @ http://localhost:4321/node_modules/.vite/deps/flowbite.js?v=5098c12e:94
[ 4809152ms] [ERROR] Drawer with id sidebar has not been initialized. Please initialize it using the data-drawer-target attribute. @ http://localhost:4321/node_modules/.vite/deps/flowbite.js?v=5098c12e:2704
[ 4809169ms] [WARNING] Flowbite: Instance with ID sidebar does not exist. @ http://localhost:4321/node_modules/.vite/deps/flowbite.js?v=5098c12e:94
[ 4809169ms] [ERROR] Drawer with id sidebar has not been initialized. Please initialize it using the data-drawer-target attribute. @ http://localhost:4321/node_modules/.vite/deps/flowbite.js?v=5098c12e:2704
[ 4827478ms] [INFO] %cDownload the React DevTools for a better development experience: https://react.dev/link/react-devtools font-weight:bold @ http://localhost:4321/node_modules/.vite/deps/client--C8cioMw.js?v=5098c12e:14391
[ 4828765ms] [WARNING] Flowbite: Instance with ID sidebar does not exist. @ http://localhost:4321/node_modules/.vite/deps/flowbite.js?v=5098c12e:94
[ 4828766ms] [ERROR] Drawer with id sidebar has not been initialized. Please initialize it using the data-drawer-target attribute. @ http://localhost:4321/node_modules/.vite/deps/flowbite.js?v=5098c12e:2704
[ 4828774ms] [WARNING] Flowbite: Instance with ID sidebar does not exist. @ http://localhost:4321/node_modules/.vite/deps/flowbite.js?v=5098c12e:94
[ 4828774ms] [ERROR] Drawer with id sidebar has not been initialized. Please initialize it using the data-drawer-target attribute. @ http://localhost:4321/node_modules/.vite/deps/flowbite.js?v=5098c12e:2704
[ 4839042ms] [INFO] %cDownload the React DevTools for a better development experience: https://react.dev/link/react-devtools font-weight:bold @ http://localhost:4321/node_modules/.vite/deps/client--C8cioMw.js?v=5098c12e:14391
[ 4840161ms] [WARNING] Flowbite: Instance with ID sidebar does not exist. @ http://localhost:4321/node_modules/.vite/deps/flowbite.js?v=5098c12e:94
[ 4840162ms] [ERROR] Drawer with id sidebar has not been initialized. Please initialize it using the data-drawer-target attribute. @ http://localhost:4321/node_modules/.vite/deps/flowbite.js?v=5098c12e:2704
[ 4840171ms] [WARNING] Flowbite: Instance with ID sidebar does not exist. @ http://localhost:4321/node_modules/.vite/deps/flowbite.js?v=5098c12e:94
[ 4840171ms] [ERROR] Drawer with id sidebar has not been initialized. Please initialize it using the data-drawer-target attribute. @ http://localhost:4321/node_modules/.vite/deps/flowbite.js?v=5098c12e:2704
