[     658ms] [INFO] %cDownload the React DevTools for a better development experience: https://react.dev/link/react-devtools font-weight:bold @ http://localhost:4321/node_modules/.vite/deps/client--C8cioMw.js?v=af937c87:14391
[     812ms] [WARNING] Flowbite: Instance with ID sidebar does not exist. @ http://localhost:4321/node_modules/.vite/deps/flowbite.js?v=af937c87:94
[     812ms] [ERROR] Drawer with id sidebar has not been initialized. Please initialize it using the data-drawer-target attribute. @ http://localhost:4321/node_modules/.vite/deps/flowbite.js?v=af937c87:2704
[     823ms] [WARNING] Flowbite: Instance with ID sidebar does not exist. @ http://localhost:4321/node_modules/.vite/deps/flowbite.js?v=af937c87:94
[     823ms] [ERROR] Drawer with id sidebar has not been initialized. Please initialize it using the data-drawer-target attribute. @ http://localhost:4321/node_modules/.vite/deps/flowbite.js?v=af937c87:2704
[  244596ms] [INFO] %cDownload the React DevTools for a better development experience: https://react.dev/link/react-devtools font-weight:bold @ http://localhost:4321/node_modules/.vite/deps/client--C8cioMw.js?v=af937c87:14391
[  244695ms] [WARNING] Flowbite: Instance with ID sidebar does not exist. @ http://localhost:4321/node_modules/.vite/deps/flowbite.js?v=af937c87:94
[  244695ms] [ERROR] Drawer with id sidebar has not been initialized. Please initialize it using the data-drawer-target attribute. @ http://localhost:4321/node_modules/.vite/deps/flowbite.js?v=af937c87:2704
[  244700ms] [WARNING] Flowbite: Instance with ID sidebar does not exist. @ http://localhost:4321/node_modules/.vite/deps/flowbite.js?v=af937c87:94
[  244700ms] [ERROR] Drawer with id sidebar has not been initialized. Please initialize it using the data-drawer-target attribute. @ http://localhost:4321/node_modules/.vite/deps/flowbite.js?v=af937c87:2704
[ 1053035ms] [INFO] %cDownload the React DevTools for a better development experience: https://react.dev/link/react-devtools font-weight:bold @ http://localhost:4321/node_modules/.vite/deps/client--C8cioMw.js?v=af937c87:14391
[ 1054162ms] [WARNING] Flowbite: Instance with ID sidebar does not exist. @ http://localhost:4321/node_modules/.vite/deps/flowbite.js?v=af937c87:94
[ 1054163ms] [ERROR] Drawer with id sidebar has not been initialized. Please initialize it using the data-drawer-target attribute. @ http://localhost:4321/node_modules/.vite/deps/flowbite.js?v=af937c87:2704
[ 1054180ms] [WARNING] Flowbite: Instance with ID sidebar does not exist. @ http://localhost:4321/node_modules/.vite/deps/flowbite.js?v=af937c87:94
[ 1054180ms] [ERROR] Drawer with id sidebar has not been initialized. Please initialize it using the data-drawer-target attribute. @ http://localhost:4321/node_modules/.vite/deps/flowbite.js?v=af937c87:2704
[ 1059345ms] [INFO] %cDownload the React DevTools for a better development experience: https://react.dev/link/react-devtools font-weight:bold @ http://localhost:4321/node_modules/.vite/deps/client--C8cioMw.js?v=af937c87:14391
[ 1059627ms] [WARNING] Flowbite: Instance with ID sidebar does not exist. @ http://localhost:4321/node_modules/.vite/deps/flowbite.js?v=af937c87:94
[ 1059627ms] [ERROR] Drawer with id sidebar has not been initialized. Please initialize it using the data-drawer-target attribute. @ http://localhost:4321/node_modules/.vite/deps/flowbite.js?v=af937c87:2704
[ 1059640ms] [WARNING] Flowbite: Instance with ID sidebar does not exist. @ http://localhost:4321/node_modules/.vite/deps/flowbite.js?v=af937c87:94
[ 1059640ms] [ERROR] Drawer with id sidebar has not been initialized. Please initialize it using the data-drawer-target attribute. @ http://localhost:4321/node_modules/.vite/deps/flowbite.js?v=af937c87:2704
[ 1076815ms] [INFO] %cDownload the React DevTools for a better development experience: https://react.dev/link/react-devtools font-weight:bold @ http://localhost:4321/node_modules/.vite/deps/client--C8cioMw.js?v=af937c87:14391
[ 1077973ms] [WARNING] Flowbite: Instance with ID sidebar does not exist. @ http://localhost:4321/node_modules/.vite/deps/flowbite.js?v=af937c87:94
[ 1077973ms] [ERROR] Drawer with id sidebar has not been initialized. Please initialize it using the data-drawer-target attribute. @ http://localhost:4321/node_modules/.vite/deps/flowbite.js?v=af937c87:2704
[ 1077978ms] [WARNING] Flowbite: Instance with ID sidebar does not exist. @ http://localhost:4321/node_modules/.vite/deps/flowbite.js?v=af937c87:94
[ 1077978ms] [ERROR] Drawer with id sidebar has not been initialized. Please initialize it using the data-drawer-target attribute. @ http://localhost:4321/node_modules/.vite/deps/flowbite.js?v=af937c87:2704
[ 1285064ms] [INFO] %cDownload the React DevTools for a better development experience: https://react.dev/link/react-devtools font-weight:bold @ http://localhost:4321/node_modules/.vite/deps/client--C8cioMw.js?v=af937c87:14391
[ 1285165ms] [WARNING] Flowbite: Instance with ID sidebar does not exist. @ http://localhost:4321/node_modules/.vite/deps/flowbite.js?v=af937c87:94
[ 1285165ms] [ERROR] Drawer with id sidebar has not been initialized. Please initialize it using the data-drawer-target attribute. @ http://localhost:4321/node_modules/.vite/deps/flowbite.js?v=af937c87:2704
[ 1285175ms] [WARNING] Flowbite: Instance with ID sidebar does not exist. @ http://localhost:4321/node_modules/.vite/deps/flowbite.js?v=af937c87:94
[ 1285176ms] [ERROR] Drawer with id sidebar has not been initialized. Please initialize it using the data-drawer-target attribute. @ http://localhost:4321/node_modules/.vite/deps/flowbite.js?v=af937c87:2704
[ 1693181ms] [INFO] %cDownload the React DevTools for a better development experience: https://react.dev/link/react-devtools font-weight:bold @ http://localhost:4321/node_modules/.vite/deps/client--C8cioMw.js?v=af937c87:14391
[ 1693376ms] [WARNING] Flowbite: Instance with ID sidebar does not exist. @ http://localhost:4321/node_modules/.vite/deps/flowbite.js?v=af937c87:94
[ 1693376ms] [ERROR] Drawer with id sidebar has not been initialized. Please initialize it using the data-drawer-target attribute. @ http://localhost:4321/node_modules/.vite/deps/flowbite.js?v=af937c87:2704
[ 1693383ms] [WARNING] Flowbite: Instance with ID sidebar does not exist. @ http://localhost:4321/node_modules/.vite/deps/flowbite.js?v=af937c87:94
[ 1693383ms] [ERROR] Drawer with id sidebar has not been initialized. Please initialize it using the data-drawer-target attribute. @ http://localhost:4321/node_modules/.vite/deps/flowbite.js?v=af937c87:2704
[ 1791814ms] [LOG] [vite] server connection lost. Polling for restart... @ http://localhost:4321/@vite/client:1726
[ 1791819ms] [ERROR] Creating a worker from 'blob:http://localhost:4321/51abb625-534f-43e6-9f34-20eb36154130' violates the following Content Security Policy directive: "script-src 'self' 'unsafe-inline' 'unsafe-eval' https://js.stripe.com https://unpkg.com https://cdn.jsdelivr.net https://cdnjs.cloudflare.com https://challenges.cloudflare.com https://buttons.github.io https://esm.sh https://accounts.google.com https://static.zcal.co". Note that 'worker-src' was not explicitly set, so 'script-src' is used as a fallback. The action has been blocked. @ http://localhost:4321/@vite/client:1796
