[     175ms] [ERROR] Failed to load resource: the server responded with a status of 504 (Outdated Optimize Dep) @ http://localhost:4321/@id/astro/runtime/client/dev-toolbar/entrypoint.js:0
[     255ms] [INFO] %cDownload the React DevTools for a better development experience: https://react.dev/link/react-devtools font-weight:bold @ http://localhost:4321/node_modules/.vite/deps/client--C8cioMw.js?v=ca732b4a:14391
[     271ms] [ERROR] Failed to load resource: the server responded with a status of 504 (Outdated Optimize Dep) @ http://localhost:4321/node_modules/.vite/deps/@base-ui_react_input.js?v=ca732b4a:0
[     271ms] [ERROR] Failed to load resource: the server responded with a status of 504 (Outdated Optimize Dep) @ http://localhost:4321/node_modules/.vite/deps/@base-ui_react_checkbox.js?v=ca732b4a:0
[     294ms] [ERROR] Failed to load resource: the server responded with a status of 504 (Outdated Optimize Dep) @ http://localhost:4321/node_modules/.vite/deps/@base-ui_react_separator.js?v=ca732b4a:0
[    1291ms] [ERROR] [astro-island] Error hydrating /src/modules/auth/islands/FormSignIn.tsx TypeError: Failed to fetch dynamically imported module: http://localhost:4321/src/modules/auth/islands/FormSignIn.tsx#astro-retry=1783748981226 @ http://localhost:4321/sign-in:17397
[   45142ms] [ERROR] Failed to load resource: the server responded with a status of 504 (Outdated Optimize Dep) @ http://localhost:4321/@id/astro/runtime/client/dev-toolbar/entrypoint.js:0
[   45257ms] [INFO] %cDownload the React DevTools for a better development experience: https://react.dev/link/react-devtools font-weight:bold @ http://localhost:4321/node_modules/.vite/deps/client--C8cioMw.js?v=ca732b4a:14391
[   45280ms] [ERROR] Failed to load resource: the server responded with a status of 504 (Outdated Optimize Dep) @ http://localhost:4321/node_modules/.vite/deps/@base-ui_react_input.js?v=ca732b4a:0
[   45283ms] [ERROR] Failed to load resource: the server responded with a status of 504 (Outdated Optimize Dep) @ http://localhost:4321/node_modules/.vite/deps/@base-ui_react_checkbox.js?v=ca732b4a:0
[   45290ms] [ERROR] Failed to load resource: the server responded with a status of 504 (Outdated Optimize Dep) @ http://localhost:4321/node_modules/.vite/deps/@base-ui_react_separator.js?v=ca732b4a:0
[   46287ms] [ERROR] [astro-island] Error hydrating /src/modules/auth/islands/FormSignIn.tsx TypeError: Failed to fetch dynamically imported module: http://localhost:4321/src/modules/auth/islands/FormSignIn.tsx#astro-retry=1783749026223 @ http://localhost:4321/sign-in:17397
[  124595ms] [ERROR] Failed to load resource: the server responded with a status of 504 (Outdated Optimize Dep) @ http://localhost:4321/@id/astro/runtime/client/dev-toolbar/entrypoint.js:0
[  124720ms] [INFO] %cDownload the React DevTools for a better development experience: https://react.dev/link/react-devtools font-weight:bold @ http://localhost:4321/node_modules/.vite/deps/client--C8cioMw.js?v=ca732b4a:14391
[  124738ms] [ERROR] Failed to load resource: the server responded with a status of 504 (Outdated Optimize Dep) @ http://localhost:4321/node_modules/.vite/deps/@base-ui_react_checkbox.js?v=ca732b4a:0
[  124738ms] [ERROR] Failed to load resource: the server responded with a status of 504 (Outdated Optimize Dep) @ http://localhost:4321/node_modules/.vite/deps/@base-ui_react_input.js?v=ca732b4a:0
[  124759ms] [ERROR] Failed to load resource: the server responded with a status of 504 (Outdated Optimize Dep) @ http://localhost:4321/node_modules/.vite/deps/@base-ui_react_separator.js?v=ca732b4a:0
[  125757ms] [ERROR] [astro-island] Error hydrating /src/modules/auth/islands/FormSignIn.tsx TypeError: Failed to fetch dynamically imported module: http://localhost:4321/src/modules/auth/islands/FormSignIn.tsx#astro-retry=1783749105694 @ http://localhost:4321/sign-in:17397
[  129408ms] [ERROR] Failed to load resource: the server responded with a status of 504 (Outdated Optimize Dep) @ http://localhost:4321/@id/astro/runtime/client/dev-toolbar/entrypoint.js:0
[  129529ms] [INFO] %cDownload the React DevTools for a better development experience: https://react.dev/link/react-devtools font-weight:bold @ http://localhost:4321/node_modules/.vite/deps/client--C8cioMw.js?v=ca732b4a:14391
[  129534ms] [ERROR] Failed to load resource: the server responded with a status of 504 (Outdated Optimize Dep) @ http://localhost:4321/node_modules/.vite/deps/@base-ui_react_input.js?v=ca732b4a:0
[  129534ms] [ERROR] Failed to load resource: the server responded with a status of 504 (Outdated Optimize Dep) @ http://localhost:4321/node_modules/.vite/deps/@base-ui_react_checkbox.js?v=ca732b4a:0
[  129547ms] [ERROR] Failed to load resource: the server responded with a status of 504 (Outdated Optimize Dep) @ http://localhost:4321/node_modules/.vite/deps/@base-ui_react_separator.js?v=ca732b4a:0
[  130548ms] [ERROR] [astro-island] Error hydrating /src/modules/auth/islands/FormSignIn.tsx TypeError: Failed to fetch dynamically imported module: http://localhost:4321/src/modules/auth/islands/FormSignIn.tsx#astro-retry=1783749110486 @ http://localhost:4321/sign-in:17397
[  173349ms] [LOG] [vite] server connection lost. Polling for restart... @ http://localhost:4321/@vite/client:1726
[  173350ms] [ERROR] Creating a worker from 'blob:http://localhost:4321/efb4e875-c7bf-4893-a80a-d64b1e3b83b7' violates the following Content Security Policy directive: "script-src 'self' 'unsafe-inline' 'unsafe-eval' https://js.stripe.com https://unpkg.com https://cdn.jsdelivr.net https://cdnjs.cloudflare.com https://challenges.cloudflare.com https://buttons.github.io https://esm.sh https://accounts.google.com https://static.zcal.co". Note that 'worker-src' was not explicitly set, so 'script-src' is used as a fallback. The action has been blocked. @ http://localhost:4321/@vite/client:1796
